[r.mobirisesite.com/1103648/assets/images/image-128x133ed09.png]
[backblue.gif]
[fade.gif]
[index.html]
[r.mobirisesite.com/1103648/assets/web/assets/mobirise-icons2/mobirise2.css]
[r.mobirisesite.com/1103648/assets/bootstrap/css/bootstrap.min.css]
[r.mobirisesite.com/1103648/assets/bootstrap/css/bootstrap-grid.min.css]
[r.mobirisesite.com/1103648/assets/bootstrap/css/bootstrap-reboot.min.css]
[r.mobirisesite.com/1103648/assets/dropdown/css/style.css]
[r.mobirisesite.com/1103648/assets/socicon/css/styles.css]
[r.mobirisesite.com/1103648/assets/theme/css/style.css]
[r.mobirisesite.com/1103648/assets/mobirise/css/mbr-additionalcc12.css]
[r.mobirisesite.com/1103648/assets/images/strep-a-500-333-500x333ed09.jpg]
[r.mobirisesite.com/1103648/assets/images/gettyimages-97347150-926x926ed09.jpg]
[r.mobirisesite.com/1103648/assets/images/maryingalls-1-359x373ed09.jpg]
[r.mobirisesite.com/1103648/assets/images/image000001-596x603ed09.jpg]
[r.mobirisesite.com/1103648/assets/images/img-3338-596x795ed09.jpg]
[r.mobirisesite.com/1103648/assets/images/img-3486-596x795ed09.jpg]
[r.mobirisesite.com/1103648/assets/images/image.000000-1-596x795ed09.jpg]
[r.mobirisesite.com/1103648/assets/images/mbr-12ed09.jpg]
[r.mobirisesite.com/1103648/assets/bootstrap/js/bootstrap.bundle.min.js]
[r.mobirisesite.com/1103648/assets/smoothscroll/smooth-scroll.js]
[r.mobirisesite.com/1103648/assets/ytplayer/index.js]
[r.mobirisesite.com/1103648/assets/dropdown/js/navbar-dropdown.js]
[r.mobirisesite.com/1103648/assets/playervimeo/vimeo_player.js]
[redepidemic.mobirisesite.com/index.html]
[r.mobirisesite.com/1103648/assets/theme/js/script.js]
[r.mobirisesite.com/1103648/assets/web/assets/mobirise-icons2/mobirise21e04.eot]
[r.mobirisesite.com/1103648/assets/web/assets/mobirise-icons2/mobirise21e04.ttf]
[r.mobirisesite.com/1103648/assets/web/assets/mobirise-icons2/mobirise21e04.woff]
[r.mobirisesite.com/1103648/assets/web/assets/mobirise-icons2/mobirise2.css]
[r.mobirisesite.com/1103648/assets/bootstrap/css/bootstrap.min.css]
[r.mobirisesite.com/1103648/assets/bootstrap/css/bootstrap-grid.min.css]
[r.mobirisesite.com/1103648/assets/bootstrap/css/bootstrap-reboot.min.css]
[r.mobirisesite.com/1103648/assets/dropdown/css/style.css]
[r.mobirisesite.com/1103648/assets/socicon/css/styles.css]
[r.mobirisesite.com/1103648/assets/theme/css/style.css]
[r.mobirisesite.com/1103648/assets/web/assets/mobirise-icons2/mobirise21e04.svg]
[r.mobirisesite.com/1103648/assets/images/scarlet-fever-bacteria-1143563-590x350ed09.jpg]
[r.mobirisesite.com/1103648/assets/mobirise/css/mbr-additionalcc12.css]
[r.mobirisesite.com/1103648/assets/images/image.000000-1-596x795ed09.html]
[r.mobirisesite.com/1103648/assets/web/assets/mobirise-icons2/mobirise21e04.svg]
